// Jest Snapshot v1, https://goo.gl/fbAQLP

exports[`AcceptButton should render 1`] = `
<button
  class="react-cookienotice-accept-button"
>
  <span>
    acceptButtonLabel
  </span>
</button>
`;
