// Jest Snapshot v1, https://goo.gl/fbAQLP

exports[`Button should render 1`] = `
<button
  class="react-cookienotice-button"
>
  label
</button>
`;
