// Jest Snapshot v1, https://goo.gl/fbAQLP

exports[`Icon should render 1`] = `
<div
  class="react-cookienotice-icon"
/>
`;
