// Vitest Snapshot v1, https://vitest.dev/guide/snapshot.html

exports[`Link > should render 1`] = `
<a
  class="react-cookienotice-link"
  href="#"
  rel="noreferrer"
  target="_blank"
>
  label
</a>
`;
